// Jest Snapshot v1, https://goo.gl/fbAQLP

exports[`matches snapshot 1`] = `
<div
  className="game"
>
  <div
    className="game-board"
  >
    <Board
      columns={3}
      onClick={[Function]}
      squares={
        Immutable.List [
          Immutable.Map {
            token: null,
            column: null,
            row: null,
          },
          Immutable.Map {
            token: null,
            column: null,
            row: null,
          },
          Immutable.Map {
            token: null,
            column: null,
            row: null,
          },
          Immutable.Map {
            token: null,
            column: null,
            row: null,
          },
          Immutable.Map {
            token: null,
            column: null,
            row: null,
          },
          Immutable.Map {
            token: null,
            column: null,
            row: null,
          },
          Immutable.Map {
            token: null,
            column: null,
            row: null,
          },
          Immutable.Map {
            token: null,
            column: null,
            row: null,
          },
          Immutable.Map {
            token: null,
            column: null,
            row: null,
          },
        ]
      }
      winner={null}
    />
  </div>
  <div
    className="game-panel"
  >
    <GameInfo
      ascendingOrder={true}
      currentMove={0}
      history={
        Immutable.List [
          Immutable.Map {
            squares: Immutable.List [
              Immutable.Map {
                token: null,
                column: null,
                row: null,
              },
              Immutable.Map {
                token: null,
                column: null,
                row: null,
              },
              Immutable.Map {
                token: null,
                column: null,
                row: null,
              },
              Immutable.Map {
                token: null,
                column: null,
                row: null,
              },
              Immutable.Map {
                token: null,
                column: null,
                row: null,
              },
              Immutable.Map {
                token: null,
                column: null,
                row: null,
              },
              Immutable.Map {
                token: null,
                column: null,
                row: null,
              },
              Immutable.Map {
                token: null,
                column: null,
                row: null,
              },
              Immutable.Map {
                token: null,
                column: null,
                row: null,
              },
            ],
          },
        ]
      }
      onMoveClick={[Function]}
      status="Next player: x"
    />
    <button
      className="button qa-toggle-button"
      onClick={[Function]}
    >
      Toggle order
    </button>
    <button
      className="button qa-reset-button"
      onClick={[Function]}
    >
      Reset
    </button>
  </div>
</div>
`;

exports[`should correctly calculate a draw 1`] = `
<div
  className="game"
>
  <div
    className="game-board"
  >
    <Board
      columns={3}
      onClick={[Function]}
      squares={
        Immutable.List [
          Immutable.Map {
            token: "x",
            row: 1,
            column: 1,
          },
          Immutable.Map {
            token: "o",
            row: 1,
            column: 2,
          },
          Immutable.Map {
            token: "x",
            row: 1,
            column: 3,
          },
          Immutable.Map {
            token: "x",
            row: 2,
            column: 1,
          },
          Immutable.Map {
            token: "o",
            row: 2,
            column: 2,
          },
          Immutable.Map {
            token: "x",
            row: 2,
            column: 3,
          },
          Immutable.Map {
            token: "o",
            row: 3,
            column: 1,
          },
          Immutable.Map {
            token: "x",
            row: 3,
            column: 2,
          },
          Immutable.Map {
            token: "o",
            row: 3,
            column: 3,
          },
        ]
      }
      winner={null}
    />
  </div>
  <div
    className="game-panel"
  >
    <GameInfo
      ascendingOrder={true}
      currentMove={9}
      history={
        Immutable.List [
          Immutable.Map {
            squares: Immutable.List [
              Immutable.Map {
                token: null,
                column: null,
                row: null,
              },
              Immutable.Map {
                token: null,
                column: null,
                row: null,
              },
              Immutable.Map {
                token: null,
                column: null,
                row: null,
              },
              Immutable.Map {
                token: null,
                column: null,
                row: null,
              },
              Immutable.Map {
                token: null,
                column: null,
                row: null,
              },
              Immutable.Map {
                token: null,
                column: null,
                row: null,
              },
              Immutable.Map {
                token: null,
                column: null,
                row: null,
              },
              Immutable.Map {
                token: null,
                column: null,
                row: null,
              },
              Immutable.Map {
                token: null,
                column: null,
                row: null,
              },
            ],
          },
          Immutable.Map {
            index: 0,
            squares: Immutable.List [
              Immutable.Map {
                token: "x",
                row: 1,
                column: 1,
              },
              Immutable.Map {
                token: null,
                column: null,
                row: null,
              },
              Immutable.Map {
                token: null,
                column: null,
                row: null,
              },
              Immutable.Map {
                token: null,
                column: null,
                row: null,
              },
              Immutable.Map {
                token: null,
                column: null,
                row: null,
              },
              Immutable.Map {
                token: null,
                column: null,
                row: null,
              },
              Immutable.Map {
                token: null,
                column: null,
                row: null,
              },
              Immutable.Map {
                token: null,
                column: null,
                row: null,
              },
              Immutable.Map {
                token: null,
                column: null,
                row: null,
              },
            ],
          },
          Immutable.Map {
            index: 1,
            squares: Immutable.List [
              Immutable.Map {
                token: "x",
                row: 1,
                column: 1,
              },
              Immutable.Map {
                token: "o",
                row: 1,
                column: 2,
              },
              Immutable.Map {
                token: null,
                column: null,
                row: null,
              },
              Immutable.Map {
                token: null,
                column: null,
                row: null,
              },
              Immutable.Map {
                token: null,
                column: null,
                row: null,
              },
              Immutable.Map {
                token: null,
                column: null,
                row: null,
              },
              Immutable.Map {
                token: null,
                column: null,
                row: null,
              },
              Immutable.Map {
                token: null,
                column: null,
                row: null,
              },
              Immutable.Map {
                token: null,
                column: null,
                row: null,
              },
            ],
          },
          Immutable.Map {
            index: 3,
            squares: Immutable.List [
              Immutable.Map {
                token: "x",
                row: 1,
                column: 1,
              },
              Immutable.Map {
                token: "o",
                row: 1,
                column: 2,
              },
              Immutable.Map {
                token: null,
                column: null,
                row: null,
              },
              Immutable.Map {
                token: "x",
                row: 2,
                column: 1,
              },
              Immutable.Map {
                token: null,
                column: null,
                row: null,
              },
              Immutable.Map {
                token: null,
                column: null,
                row: null,
              },
              Immutable.Map {
                token: null,
                column: null,
                row: null,
              },
              Immutable.Map {
                token: null,
                column: null,
                row: null,
              },
              Immutable.Map {
                token: null,
                column: null,
                row: null,
              },
            ],
          },
          Immutable.Map {
            index: 4,
            squares: Immutable.List [
              Immutable.Map {
                token: "x",
                row: 1,
                column: 1,
              },
              Immutable.Map {
                token: "o",
                row: 1,
                column: 2,
              },
              Immutable.Map {
                token: null,
                column: null,
                row: null,
              },
              Immutable.Map {
                token: "x",
                row: 2,
                column: 1,
              },
              Immutable.Map {
                token: "o",
                row: 2,
                column: 2,
              },
              Immutable.Map {
                token: null,
                column: null,
                row: null,
              },
              Immutable.Map {
                token: null,
                column: null,
                row: null,
              },
              Immutable.Map {
                token: null,
                column: null,
                row: null,
              },
              Immutable.Map {
                token: null,
                column: null,
                row: null,
              },
            ],
          },
          Immutable.Map {
            index: 7,
            squares: Immutable.List [
              Immutable.Map {
                token: "x",
                row: 1,
                column: 1,
              },
              Immutable.Map {
                token: "o",
                row: 1,
                column: 2,
              },
              Immutable.Map {
                token: null,
                column: null,
                row: null,
              },
              Immutable.Map {
                token: "x",
                row: 2,
                column: 1,
              },
              Immutable.Map {
                token: "o",
                row: 2,
                column: 2,
              },
              Immutable.Map {
                token: null,
                column: null,
                row: null,
              },
              Immutable.Map {
                token: null,
                column: null,
                row: null,
              },
              Immutable.Map {
                token: "x",
                row: 3,
                column: 2,
              },
              Immutable.Map {
                token: null,
                column: null,
                row: null,
              },
            ],
          },
          Immutable.Map {
            index: 6,
            squares: Immutable.List [
              Immutable.Map {
                token: "x",
                row: 1,
                column: 1,
              },
              Immutable.Map {
                token: "o",
                row: 1,
                column: 2,
              },
              Immutable.Map {
                token: null,
                column: null,
                row: null,
              },
              Immutable.Map {
                token: "x",
                row: 2,
                column: 1,
              },
              Immutable.Map {
                token: "o",
                row: 2,
                column: 2,
              },
              Immutable.Map {
                token: null,
                column: null,
                row: null,
              },
              Immutable.Map {
                token: "o",
                row: 3,
                column: 1,
              },
              Immutable.Map {
                token: "x",
                row: 3,
                column: 2,
              },
              Immutable.Map {
                token: null,
                column: null,
                row: null,
              },
            ],
          },
          Immutable.Map {
            index: 5,
            squares: Immutable.List [
              Immutable.Map {
                token: "x",
                row: 1,
                column: 1,
              },
              Immutable.Map {
                token: "o",
                row: 1,
                column: 2,
              },
              Immutable.Map {
                token: null,
                column: null,
                row: null,
              },
              Immutable.Map {
                token: "x",
                row: 2,
                column: 1,
              },
              Immutable.Map {
                token: "o",
                row: 2,
                column: 2,
              },
              Immutable.Map {
                token: "x",
                row: 2,
                column: 3,
              },
              Immutable.Map {
                token: "o",
                row: 3,
                column: 1,
              },
              Immutable.Map {
                token: "x",
                row: 3,
                column: 2,
              },
              Immutable.Map {
                token: null,
                column: null,
                row: null,
              },
            ],
          },
          Immutable.Map {
            index: 8,
            squares: Immutable.List [
              Immutable.Map {
                token: "x",
                row: 1,
                column: 1,
              },
              Immutable.Map {
                token: "o",
                row: 1,
                column: 2,
              },
              Immutable.Map {
                token: null,
                column: null,
                row: null,
              },
              Immutable.Map {
                token: "x",
                row: 2,
                column: 1,
              },
              Immutable.Map {
                token: "o",
                row: 2,
                column: 2,
              },
              Immutable.Map {
                token: "x",
                row: 2,
                column: 3,
              },
              Immutable.Map {
                token: "o",
                row: 3,
                column: 1,
              },
              Immutable.Map {
                token: "x",
                row: 3,
                column: 2,
              },
              Immutable.Map {
                token: "o",
                row: 3,
                column: 3,
              },
            ],
          },
          Immutable.Map {
            index: 2,
            squares: Immutable.List [
              Immutable.Map {
                token: "x",
                row: 1,
                column: 1,
              },
              Immutable.Map {
                token: "o",
                row: 1,
                column: 2,
              },
              Immutable.Map {
                token: "x",
                row: 1,
                column: 3,
              },
              Immutable.Map {
                token: "x",
                row: 2,
                column: 1,
              },
              Immutable.Map {
                token: "o",
                row: 2,
                column: 2,
              },
              Immutable.Map {
                token: "x",
                row: 2,
                column: 3,
              },
              Immutable.Map {
                token: "o",
                row: 3,
                column: 1,
              },
              Immutable.Map {
                token: "x",
                row: 3,
                column: 2,
              },
              Immutable.Map {
                token: "o",
                row: 3,
                column: 3,
              },
            ],
          },
        ]
      }
      onMoveClick={[Function]}
      status="Draw"
    />
    <button
      className="button qa-toggle-button"
      onClick={[Function]}
    >
      Toggle order
    </button>
    <button
      className="button qa-reset-button"
      onClick={[Function]}
    >
      Reset
    </button>
  </div>
</div>
`;

exports[`should correctly calculate a win 1`] = `
<div
  className="game"
>
  <div
    className="game-board"
  >
    <Board
      columns={3}
      onClick={[Function]}
      squares={
        Immutable.List [
          Immutable.Map {
            token: "x",
            row: 1,
            column: 1,
          },
          Immutable.Map {
            token: "o",
            row: 1,
            column: 2,
          },
          Immutable.Map {
            token: null,
            column: null,
            row: null,
          },
          Immutable.Map {
            token: null,
            column: null,
            row: null,
          },
          Immutable.Map {
            token: "x",
            row: 2,
            column: 2,
          },
          Immutable.Map {
            token: null,
            column: null,
            row: null,
          },
          Immutable.Map {
            token: "o",
            row: 3,
            column: 1,
          },
          Immutable.Map {
            token: null,
            column: null,
            row: null,
          },
          Immutable.Map {
            token: "x",
            row: 3,
            column: 3,
          },
        ]
      }
      winner={
        Immutable.List [
          0,
          4,
          8,
        ]
      }
    />
  </div>
  <div
    className="game-panel"
  >
    <GameInfo
      ascendingOrder={true}
      currentMove={5}
      history={
        Immutable.List [
          Immutable.Map {
            squares: Immutable.List [
              Immutable.Map {
                token: null,
                column: null,
                row: null,
              },
              Immutable.Map {
                token: null,
                column: null,
                row: null,
              },
              Immutable.Map {
                token: null,
                column: null,
                row: null,
              },
              Immutable.Map {
                token: null,
                column: null,
                row: null,
              },
              Immutable.Map {
                token: null,
                column: null,
                row: null,
              },
              Immutable.Map {
                token: null,
                column: null,
                row: null,
              },
              Immutable.Map {
                token: null,
                column: null,
                row: null,
              },
              Immutable.Map {
                token: null,
                column: null,
                row: null,
              },
              Immutable.Map {
                token: null,
                column: null,
                row: null,
              },
            ],
          },
          Immutable.Map {
            index: 0,
            squares: Immutable.List [
              Immutable.Map {
                token: "x",
                row: 1,
                column: 1,
              },
              Immutable.Map {
                token: null,
                column: null,
                row: null,
              },
              Immutable.Map {
                token: null,
                column: null,
                row: null,
              },
              Immutable.Map {
                token: null,
                column: null,
                row: null,
              },
              Immutable.Map {
                token: null,
                column: null,
                row: null,
              },
              Immutable.Map {
                token: null,
                column: null,
                row: null,
              },
              Immutable.Map {
                token: null,
                column: null,
                row: null,
              },
              Immutable.Map {
                token: null,
                column: null,
                row: null,
              },
              Immutable.Map {
                token: null,
                column: null,
                row: null,
              },
            ],
          },
          Immutable.Map {
            index: 1,
            squares: Immutable.List [
              Immutable.Map {
                token: "x",
                row: 1,
                column: 1,
              },
              Immutable.Map {
                token: "o",
                row: 1,
                column: 2,
              },
              Immutable.Map {
                token: null,
                column: null,
                row: null,
              },
              Immutable.Map {
                token: null,
                column: null,
                row: null,
              },
              Immutable.Map {
                token: null,
                column: null,
                row: null,
              },
              Immutable.Map {
                token: null,
                column: null,
                row: null,
              },
              Immutable.Map {
                token: null,
                column: null,
                row: null,
              },
              Immutable.Map {
                token: null,
                column: null,
                row: null,
              },
              Immutable.Map {
                token: null,
                column: null,
                row: null,
              },
            ],
          },
          Immutable.Map {
            index: 4,
            squares: Immutable.List [
              Immutable.Map {
                token: "x",
                row: 1,
                column: 1,
              },
              Immutable.Map {
                token: "o",
                row: 1,
                column: 2,
              },
              Immutable.Map {
                token: null,
                column: null,
                row: null,
              },
              Immutable.Map {
                token: null,
                column: null,
                row: null,
              },
              Immutable.Map {
                token: "x",
                row: 2,
                column: 2,
              },
              Immutable.Map {
                token: null,
                column: null,
                row: null,
              },
              Immutable.Map {
                token: null,
                column: null,
                row: null,
              },
              Immutable.Map {
                token: null,
                column: null,
                row: null,
              },
              Immutable.Map {
                token: null,
                column: null,
                row: null,
              },
            ],
          },
          Immutable.Map {
            index: 6,
            squares: Immutable.List [
              Immutable.Map {
                token: "x",
                row: 1,
                column: 1,
              },
              Immutable.Map {
                token: "o",
                row: 1,
                column: 2,
              },
              Immutable.Map {
                token: null,
                column: null,
                row: null,
              },
              Immutable.Map {
                token: null,
                column: null,
                row: null,
              },
              Immutable.Map {
                token: "x",
                row: 2,
                column: 2,
              },
              Immutable.Map {
                token: null,
                column: null,
                row: null,
              },
              Immutable.Map {
                token: "o",
                row: 3,
                column: 1,
              },
              Immutable.Map {
                token: null,
                column: null,
                row: null,
              },
              Immutable.Map {
                token: null,
                column: null,
                row: null,
              },
            ],
          },
          Immutable.Map {
            index: 8,
            squares: Immutable.List [
              Immutable.Map {
                token: "x",
                row: 1,
                column: 1,
              },
              Immutable.Map {
                token: "o",
                row: 1,
                column: 2,
              },
              Immutable.Map {
                token: null,
                column: null,
                row: null,
              },
              Immutable.Map {
                token: null,
                column: null,
                row: null,
              },
              Immutable.Map {
                token: "x",
                row: 2,
                column: 2,
              },
              Immutable.Map {
                token: null,
                column: null,
                row: null,
              },
              Immutable.Map {
                token: "o",
                row: 3,
                column: 1,
              },
              Immutable.Map {
                token: null,
                column: null,
                row: null,
              },
              Immutable.Map {
                token: "x",
                row: 3,
                column: 3,
              },
            ],
          },
        ]
      }
      onMoveClick={[Function]}
      status="Winner: x"
    />
    <button
      className="button qa-toggle-button"
      onClick={[Function]}
    >
      Toggle order
    </button>
    <button
      className="button qa-reset-button"
      onClick={[Function]}
    >
      Reset
    </button>
  </div>
</div>
`;
